[debug] [2026-03-26T09:14:32.090Z] ----------------------------------------------------------------------
[debug] [2026-03-26T09:14:32.093Z] Command:       C:\Program Files\nodejs\node.exe C:\Users\USER\AppData\Roaming\npm\node_modules\firebase-tools\lib\bin\firebase.js init hosting
[debug] [2026-03-26T09:14:32.093Z] CLI Version:   15.11.0
[debug] [2026-03-26T09:14:32.093Z] Platform:      win32
[debug] [2026-03-26T09:14:32.093Z] Node Version:  v22.19.0
[debug] [2026-03-26T09:14:32.094Z] Time:          Thu Mar 26 2026 14:44:32 GMT+0530 (India Standard Time)
[debug] [2026-03-26T09:14:32.094Z] ----------------------------------------------------------------------
[debug] 
[info] 
     ######## #### ########  ######## ########     ###     ######  ########
     ##        ##  ##     ## ##       ##     ##  ##   ##  ##       ##
     ######    ##  ########  ######   ########  #########  ######  ######
     ##        ##  ##    ##  ##       ##     ## ##     ##       ## ##
     ##       #### ##     ## ######## ########  ##     ##  ######  ########

You're about to initialize a Firebase project in this directory:

  C:\Users\USER\Desktop\ClientHunter

[info] 
=== Project Setup
[info] 
[info] First, let's associate this project directory with a Firebase project.
[info] You can create multiple project aliases by running firebase use --add, 
[info] 
